<?xml version="1.0" encoding="UTF-8" ?>
<testsuites name="vitest tests" tests="2" failures="0" errors="0" time="0.286783368">
    <testsuite name="test/app.test.ts" timestamp="2026-05-17T23:30:08.895Z" hostname="codespaces-e33ca0" tests="2" failures="0" errors="0" skipped="0" time="0.286783368">
        <testcase classname="test/app.test.ts" name="Fastify app &gt; GET /health returns ok status" time="0.278633105">
        </testcase>
        <testcase classname="test/app.test.ts" name="Fastify app &gt; GET / returns app message and version" time="0.003679358">
        </testcase>
    </testsuite>
</testsuites>
